// Jest Snapshot v1, https://goo.gl/fbAQLP

exports[`Should render CreateExpensePage component correctly 1`] = `
<div>
  <h1>
    Create a new expense
  </h1>
  <ExpenseForm
    onSubmit={[Function]}
  />
</div>
`;
