// Jest Snapshot v1, https://goo.gl/fbAQLP

exports[`Should render EditExpensePage correctly 1`] = `
<div>
  <ExpenseForm
    expense={
      Object {
        "amount": 750,
        "createdAt": -345600000,
        "description": "Ball",
        "id": "2",
        "note": "Just simple note 2",
      }
    }
    onSubmit={[Function]}
  />
</div>
`;
