// Jest Snapshot v1, https://goo.gl/fbAQLP

exports[`Should LoginPage render correctly 1`] = `
<div
  className="login-wrapper"
>
  <h1>
    Login to Expensify
  </h1>
  <button>
    Authenticate me
  </button>
</div>
`;
